module=phase_trait
diagnostics=0
function_symbols=1
fn=is_same/2 public=true exported=true return=Bool
  param=Left:A
  param=Right:A
local_types=
imported_types=
imported_traits=
interface_map=std.core.Bool,std.core.Float,std.core.Function,std.core.Identity,std.core.Int,std.core.Option,std.core.Ordering,std.core.Result,std.core.String,std.core.Unit,std.io.Console,std.test.Test
interface_functions=1
