module=phase_named_call
diagnostics=0
function_symbols=2
fn=call_it/0 public=true exported=true return=Int
fn=identity/1 public=false exported=false return=Int
  param=x:Int
local_types=
imported_types=
imported_traits=
interface_map=std.core.Bool,std.core.Float,std.core.Function,std.core.Identity,std.core.Int,std.core.Option,std.core.Ordering,std.core.Result,std.core.String,std.core.Unit,std.io.Console,std.test.Test
interface_functions=2
